# compiler: R8
# compiler_version: 2.1.75
# pg_map_id: bc4e66b
# common_typos_disable
com.example.basic_nice_lib.BuildConfig -> com.example.basic_nice_lib.BuildConfig:
    1:1:void <init>():6:6 -> <init>
com.example.basic_nice_lib.SubmitActivity -> com.example.basic_nice_lib.SubmitActivity:
    1:1:void <init>():6:6 -> <init>
    1:2:void onCreate(android.os.Bundle):8:9 -> onCreate
com.example.basic_nice_lib.SurveyActivity -> com.example.basic_nice_lib.SurveyActivity:
    org.json.JSONArray msgarray -> l
    org.json.JSONArray messageBody -> m
    android.widget.EditText edt_ans -> j
    java.util.HashMap checkBoxMap -> n
    android.widget.RadioGroup mRgAllButtons -> k
    int i -> f
    int size -> g
    org.json.JSONObject req_obj -> e
    org.json.JSONObject resp_obj -> c
    android.widget.Button btn_next_q -> h
    java.lang.String msg_title -> a
    org.json.JSONArray lookups -> d
    android.widget.TextView txt_question -> i
    java.lang.String nextmsg -> b
    1:16:void <init>():19:34 -> <init>
    1:1:java.util.HashMap access$getCheckBoxMap$p(com.example.basic_nice_lib.SurveyActivity):19:19 -> access$getCheckBoxMap$p
    1:1:android.widget.EditText access$getEdt_ans$p(com.example.basic_nice_lib.SurveyActivity):19:19 -> access$getEdt_ans$p
    1:1:org.json.JSONArray access$getLookups$p(com.example.basic_nice_lib.SurveyActivity):19:19 -> access$getLookups$p
    1:1:void access$setCheckBoxMap$p(com.example.basic_nice_lib.SurveyActivity,java.util.HashMap):19:19 -> access$setCheckBoxMap$p
    1:1:void access$setEdt_ans$p(com.example.basic_nice_lib.SurveyActivity,android.widget.EditText):19:19 -> access$setEdt_ans$p
    1:1:void access$setLookups$p(com.example.basic_nice_lib.SurveyActivity,org.json.JSONArray):19:19 -> access$setLookups$p
    1:6:void conversation(org.json.JSONObject):270:275 -> conversation
    7:15:void conversation(org.json.JSONObject):274:282 -> conversation
    1:10:void displaymcq(org.json.JSONArray):255:264 -> displaymcq
    1:11:void displaymsq(org.json.JSONArray):205:205 -> displaymsq
    1:39:void fetchques():148:186 -> fetchques
    40:64:void generateReq(org.json.JSONObject):227:251 -> fetchques
    40:64:void fetchques():186 -> fetchques
    65:70:void fetchques():193:198 -> fetchques
    1:19:void onCreate(android.os.Bundle):39:57 -> onCreate
    20:61:void onCreate(android.os.Bundle):55:96 -> onCreate
    62:62:void onCreate(android.os.Bundle):76:76 -> onCreate
    63:63:void onCreate(android.os.Bundle):43:43 -> onCreate
    64:64:void onCreate(android.os.Bundle):42:42 -> onCreate
    65:65:void onCreate(android.os.Bundle):41:41 -> onCreate
    1:6:void storeans(java.lang.String,java.lang.String,org.json.JSONArray):134:139 -> storeans
    7:14:void storeans(java.lang.String,java.lang.String,org.json.JSONArray):137:144 -> storeans
com.example.basic_nice_lib.SurveyActivity$generateReq$jsonObjectRequest$1 -> com.example.basic_nice_lib.SurveyActivity$generateReq$jsonObjectRequest$1:
    1:1:void <init>(com.example.basic_nice_lib.SurveyActivity,java.lang.String,org.json.JSONObject,int,java.lang.String,org.json.JSONObject,com.android.volley.Response$Listener,com.android.volley.Response$ErrorListener):230:230 -> <init>
    1:3:java.util.Map getHeaders():244:246 -> getHeaders
com.example.basic_nice_lib.SurveyActivity$generateReq$jsonObjectRequest$2 -> com.example.basic_nice_lib.SurveyActivity$generateReq$jsonObjectRequest$2:
    com.example.basic_nice_lib.SurveyActivity this$0 -> a
    1:1:void onResponse(java.lang.Object):230:230 -> onResponse
    2:2:void onResponse(org.json.JSONObject):233:233 -> onResponse
    2:2:void onResponse(java.lang.Object):230 -> onResponse
com.example.basic_nice_lib.SurveyActivity$generateReq$jsonObjectRequest$3 -> com.example.basic_nice_lib.SurveyActivity$generateReq$jsonObjectRequest$3:
    com.example.basic_nice_lib.SurveyActivity$generateReq$jsonObjectRequest$3 INSTANCE -> a
    1:1:void onErrorResponse(com.android.volley.VolleyError):237:237 -> onErrorResponse
com.example.basic_nice_lib.SurveyActivity$onCreate$1 -> com.example.basic_nice_lib.SurveyActivity$onCreate$1:
    com.example.basic_nice_lib.SurveyActivity this$0 -> a
    android.widget.RadioGroup $yourRadioGroup -> b
    1:1:void <init>(com.example.basic_nice_lib.SurveyActivity,android.widget.RadioGroup):77:77 -> <init>
    1:14:void onCheckedChanged(android.widget.RadioGroup,int):79:92 -> onCheckedChanged
com.example.basic_nice_lib.SurveyActivity$onCreate$2 -> com.example.basic_nice_lib.SurveyActivity$onCreate$2:
    com.example.basic_nice_lib.SurveyActivity this$0 -> a
    1:33:void onClick(android.view.View):98:130 -> onClick
com.example.basic_nice_lib.Survey_Library -> com.example.basic_nice_lib.Survey_Library:
    1:1:void <init>():22:22 -> <init>
    1:31:void initiate(android.content.Context,org.json.JSONObject):41:71 -> callToInitiate
    1:31:void callToInitiate(android.content.Context,org.json.JSONObject):28 -> callToInitiate
com.example.basic_nice_lib.Survey_Library$initiate$jsonObjectRequest$1 -> com.example.basic_nice_lib.Survey_Library$initiate$jsonObjectRequest$1:
    1:1:void <init>(java.lang.String,org.json.JSONObject,android.content.Context,int,java.lang.String,org.json.JSONObject,com.android.volley.Response$Listener,com.android.volley.Response$ErrorListener):41:41 -> <init>
    1:3:java.util.Map getHeaders():63:65 -> getHeaders
com.example.basic_nice_lib.Survey_Library$initiate$jsonObjectRequest$2 -> com.example.basic_nice_lib.Survey_Library$initiate$jsonObjectRequest$2:
    android.content.Context $context -> a
    1:1:void onResponse(java.lang.Object):41:41 -> onResponse
    2:9:void onResponse(org.json.JSONObject):45:52 -> onResponse
    2:9:void onResponse(java.lang.Object):41 -> onResponse
com.example.basic_nice_lib.Survey_Library$initiate$jsonObjectRequest$3 -> com.example.basic_nice_lib.Survey_Library$initiate$jsonObjectRequest$3:
    com.example.basic_nice_lib.Survey_Library$initiate$jsonObjectRequest$3 INSTANCE -> a
    1:1:void onErrorResponse(com.android.volley.VolleyError):56:56 -> onErrorResponse
